// Jest Snapshot v1, https://goo.gl/fbAQLP

exports[`<Main /> should render the reading 1`] = `
<main>
  <h1>
    React avan√ßado!!!
  </h1>
</main>
`;
